15:14:32.078 [main] DEBUG io.vertx.core.logging.LoggerFactory -- Using io.vertx.core.logging.SLF4JLogDelegateFactory
15:14:32.108 [main] DEBUG io.netty.util.internal.logging.InternalLoggerFactory -- Using SLF4J as the default logging framework
15:14:32.109 [main] DEBUG io.netty.util.internal.PlatformDependent0 -- -Dio.netty.noUnsafe: false
15:14:32.109 [main] DEBUG io.netty.util.internal.PlatformDependent0 -- Java version: 21
15:14:32.110 [main] DEBUG io.netty.util.internal.PlatformDependent0 -- sun.misc.Unsafe.theUnsafe: available
15:14:32.110 [main] DEBUG io.netty.util.internal.PlatformDependent0 -- sun.misc.Unsafe.copyMemory: available
15:14:32.110 [main] DEBUG io.netty.util.internal.PlatformDependent0 -- sun.misc.Unsafe.storeFence: available
15:14:32.110 [main] DEBUG io.netty.util.internal.PlatformDependent0 -- java.nio.Buffer.address: available
15:14:32.110 [main] DEBUG io.netty.util.internal.PlatformDependent0 -- direct buffer constructor: unavailable: Reflective setAccessible(true) disabled
15:14:32.111 [main] DEBUG io.netty.util.internal.PlatformDependent0 -- java.nio.Bits.unaligned: available, true
15:14:32.111 [main] DEBUG io.netty.util.internal.PlatformDependent0 -- jdk.internal.misc.Unsafe.allocateUninitializedArray(int): unavailable: class io.netty.util.internal.PlatformDependent0$7 cannot access class jdk.internal.misc.Unsafe (in module java.base) because module java.base does not export jdk.internal.misc to unnamed module @462496c8
15:14:32.111 [main] DEBUG io.netty.util.internal.PlatformDependent0 -- java.nio.DirectByteBuffer.<init>(long, {int,long}): unavailable
15:14:32.111 [main] DEBUG io.netty.util.internal.PlatformDependent -- sun.misc.Unsafe: available
15:14:32.112 [main] DEBUG io.netty.util.internal.PlatformDependent -- -Dio.netty.tmpdir: /var/folders/qz/2qj0f0j53h949zt8ldxv2ptm0000gq/T (java.io.tmpdir)
15:14:32.112 [main] DEBUG io.netty.util.internal.PlatformDependent -- -Dio.netty.bitMode: 64 (sun.arch.data.model)
15:14:32.113 [main] DEBUG io.netty.util.internal.PlatformDependent -- Platform: MacOS
15:14:32.114 [main] DEBUG io.netty.util.internal.PlatformDependent -- -Dio.netty.maxDirectMemory: -1 bytes
15:14:32.114 [main] DEBUG io.netty.util.internal.PlatformDependent -- -Dio.netty.uninitializedArrayAllocationThreshold: -1
15:14:32.115 [main] DEBUG io.netty.util.internal.CleanerJava9 -- java.nio.ByteBuffer.cleaner(): available
15:14:32.115 [main] DEBUG io.netty.util.internal.PlatformDependent -- -Dio.netty.noPreferDirect: false
15:14:32.121 [main] DEBUG io.netty.util.ResourceLeakDetector -- -Dio.netty.leakDetection.level: simple
15:14:32.121 [main] DEBUG io.netty.util.ResourceLeakDetector -- -Dio.netty.leakDetection.targetRecords: 4
15:14:32.128 [main] DEBUG io.netty.channel.MultithreadEventLoopGroup -- -Dio.netty.eventLoopThreads: 20
15:14:32.132 [main] DEBUG io.netty.util.concurrent.GlobalEventExecutor -- -Dio.netty.globalEventExecutor.quietPeriodSeconds: 1
15:14:32.135 [main] DEBUG io.netty.util.internal.InternalThreadLocalMap -- -Dio.netty.threadLocalMap.stringBuilder.initialSize: 1024
15:14:32.135 [main] DEBUG io.netty.util.internal.InternalThreadLocalMap -- -Dio.netty.threadLocalMap.stringBuilder.maxSize: 4096
15:14:32.137 [main] DEBUG io.netty.channel.nio.NioEventLoop -- -Dio.netty.noKeySetOptimization: false
15:14:32.137 [main] DEBUG io.netty.channel.nio.NioEventLoop -- -Dio.netty.selectorAutoRebuildThreshold: 512
15:14:32.140 [main] DEBUG io.netty.util.internal.PlatformDependent -- org.jctools-core.MpscChunkedArrayQueue: available
15:14:32.152 [main] DEBUG io.netty.resolver.dns.DefaultDnsServerAddressStreamProvider -- Default DNS servers: [/192.152.0.1:53, /192.152.0.2:53] (sun.net.dns.ResolverConfiguration)
15:14:32.155 [main] DEBUG io.netty.util.NetUtil -- -Djava.net.preferIPv4Stack: false
15:14:32.155 [main] DEBUG io.netty.util.NetUtil -- -Djava.net.preferIPv6Addresses: false
15:14:32.157 [main] DEBUG io.netty.util.NetUtilInitializations -- Loopback interface: lo0 (lo0, 0:0:0:0:0:0:0:1%lo0)
15:14:32.158 [main] DEBUG io.netty.util.NetUtil -- Failed to get SOMAXCONN from sysctl and file /proc/sys/net/core/somaxconn. Default: 128
15:14:32.163 [main] DEBUG io.netty.resolver.dns.DnsNameResolver -- Default ResolvedAddressTypes: IPV4_PREFERRED
15:14:32.163 [main] DEBUG io.netty.resolver.dns.DnsNameResolver -- Localhost address: localhost/127.0.0.1
15:14:32.163 [main] DEBUG io.netty.resolver.dns.DnsNameResolver -- Windows hostname: null
15:14:32.164 [main] DEBUG io.netty.resolver.dns.DnsNameResolver -- Default search domains: []
15:14:32.164 [main] DEBUG io.netty.resolver.dns.DnsNameResolver -- Default UnixResolverOptions{ndots=1, timeout=5, attempts=16}
15:14:32.168 [main] DEBUG io.netty.resolver.DefaultHostsFileEntriesResolver -- -Dio.netty.hostsFileRefreshInterval: 0
15:14:32.171 [main] DEBUG io.netty.util.internal.NativeLibraryLoader -- -Dio.netty.native.workdir: /var/folders/qz/2qj0f0j53h949zt8ldxv2ptm0000gq/T (io.netty.tmpdir)
15:14:32.171 [main] DEBUG io.netty.util.internal.NativeLibraryLoader -- -Dio.netty.native.deleteLibAfterLoading: true
15:14:32.171 [main] DEBUG io.netty.util.internal.NativeLibraryLoader -- -Dio.netty.native.tryPatchShadedId: true
15:14:32.171 [main] DEBUG io.netty.util.internal.NativeLibraryLoader -- -Dio.netty.native.detectNativeLibraryDuplicates: true
15:14:32.319 [main] DEBUG io.netty.util.internal.NativeLibraryLoader -- Successfully loaded the library /var/folders/qz/2qj0f0j53h949zt8ldxv2ptm0000gq/T/libnetty_resolver_dns_native_macos_aarch_6417045949525327446814.dylib
15:14:32.320 [main] DEBUG io.netty.resolver.dns.DnsServerAddressStreamProviders -- io.netty.resolver.dns.macos.MacOSDnsServerAddressStreamProvider: available
SnapTradeService initialized with ClientID: SELFORG-TEST-UYGVQ
15:14:32.479 [vert.x-eventloop-thread-0] DEBUG io.netty.buffer.PooledByteBufAllocator -- -Dio.netty.allocator.numHeapArenas: 20
15:14:32.479 [vert.x-eventloop-thread-0] DEBUG io.netty.buffer.PooledByteBufAllocator -- -Dio.netty.allocator.numDirectArenas: 20
15:14:32.479 [vert.x-eventloop-thread-0] DEBUG io.netty.buffer.PooledByteBufAllocator -- -Dio.netty.allocator.pageSize: 8192
15:14:32.479 [vert.x-eventloop-thread-0] DEBUG io.netty.buffer.PooledByteBufAllocator -- -Dio.netty.allocator.maxOrder: 9
15:14:32.479 [vert.x-eventloop-thread-0] DEBUG io.netty.buffer.PooledByteBufAllocator -- -Dio.netty.allocator.chunkSize: 4194304
15:14:32.479 [vert.x-eventloop-thread-0] DEBUG io.netty.buffer.PooledByteBufAllocator -- -Dio.netty.allocator.smallCacheSize: 256
15:14:32.479 [vert.x-eventloop-thread-0] DEBUG io.netty.buffer.PooledByteBufAllocator -- -Dio.netty.allocator.normalCacheSize: 64
15:14:32.479 [vert.x-eventloop-thread-0] DEBUG io.netty.buffer.PooledByteBufAllocator -- -Dio.netty.allocator.maxCachedBufferCapacity: 32768
15:14:32.479 [vert.x-eventloop-thread-0] DEBUG io.netty.buffer.PooledByteBufAllocator -- -Dio.netty.allocator.cacheTrimInterval: 8192
15:14:32.479 [vert.x-eventloop-thread-0] DEBUG io.netty.buffer.PooledByteBufAllocator -- -Dio.netty.allocator.cacheTrimIntervalMillis: 0
15:14:32.479 [vert.x-eventloop-thread-0] DEBUG io.netty.buffer.PooledByteBufAllocator -- -Dio.netty.allocator.useCacheForAllThreads: false
15:14:32.479 [vert.x-eventloop-thread-0] DEBUG io.netty.buffer.PooledByteBufAllocator -- -Dio.netty.allocator.maxCachedByteBuffersPerChunk: 1023
15:14:32.493 [vert.x-eventloop-thread-0] DEBUG io.netty.channel.DefaultChannelId -- -Dio.netty.processId: 90610 (auto-detected)
15:14:32.494 [vert.x-eventloop-thread-0] DEBUG io.netty.channel.DefaultChannelId -- -Dio.netty.machineId: 2a:65:a2:ff:fe:9b:d0:e5 (auto-detected)
15:14:32.501 [vert.x-eventloop-thread-0] DEBUG io.netty.buffer.ByteBufUtil -- -Dio.netty.allocator.type: pooled
15:14:32.501 [vert.x-eventloop-thread-0] DEBUG io.netty.buffer.ByteBufUtil -- -Dio.netty.threadLocalDirectBufferSize: 0
15:14:32.501 [vert.x-eventloop-thread-0] DEBUG io.netty.buffer.ByteBufUtil -- -Dio.netty.maxThreadLocalCharBufferSize: 16384
15:14:32.511 [vert.x-eventloop-thread-0] INFO com.zenith.trade.journal.MainVerticle -- Http verticle deploy successful on port 8080
15:14:40.391 [vert.x-eventloop-thread-0] DEBUG io.netty.util.Recycler -- -Dio.netty.recycler.maxCapacityPerThread: 4096
15:14:40.391 [vert.x-eventloop-thread-0] DEBUG io.netty.util.Recycler -- -Dio.netty.recycler.ratio: 8
15:14:40.391 [vert.x-eventloop-thread-0] DEBUG io.netty.util.Recycler -- -Dio.netty.recycler.chunkSize: 32
15:14:40.391 [vert.x-eventloop-thread-0] DEBUG io.netty.util.Recycler -- -Dio.netty.recycler.blocking: false
15:14:40.391 [vert.x-eventloop-thread-0] DEBUG io.netty.util.Recycler -- -Dio.netty.recycler.batchFastThreadLocalOnly: true
15:14:40.394 [vert.x-eventloop-thread-0] DEBUG io.netty.buffer.AbstractByteBuf -- -Dio.netty.buffer.checkAccessible: true
15:14:40.394 [vert.x-eventloop-thread-0] DEBUG io.netty.buffer.AbstractByteBuf -- -Dio.netty.buffer.checkBounds: true
15:14:40.394 [vert.x-eventloop-thread-0] DEBUG io.netty.util.ResourceLeakDetectorFactory -- Loaded default ResourceLeakDetector: io.netty.util.ResourceLeakDetector@5aa54835
15:14:40.417 [vert.x-eventloop-thread-0] DEBUG io.netty.handler.codec.compression.ZlibCodecFactory -- -Dio.netty.noJdkZlibDecoder: false
15:14:40.417 [vert.x-eventloop-thread-0] DEBUG io.netty.handler.codec.compression.ZlibCodecFactory -- -Dio.netty.noJdkZlibEncoder: false
15:14:40.969 [vert.x-eventloop-thread-0] ERROR com.zenith.trade.journal.handler.BrokerageHandler -- Failed to register user
com.konfigthis.client.ApiException: Message: 
HTTP response code: 400
HTTP response body: {"detail":"User with the following userId already exist: '550e8400-e29b-41d4-a716-446655440000'","status_code":400,"code":"1010"}
HTTP response headers: {allow=[POST, OPTIONS], content-length=[129], content-type=[application/json], cross-origin-opener-policy=[same-origin], date=[Sat, 07 Feb 2026 23:14:40 GMT], referrer-policy=[same-origin], server=[gunicorn], strict-transport-security=[max-age=31536000; includeSubDomains; preload], vary=[origin], x-content-type-options=[nosniff], x-frame-options=[DENY], x-ratelimit-limit=[250], x-ratelimit-remaining=[248], x-request-id=[7627dd3e4ad4b2a479aee28e8035d53b]}
	at com.konfigthis.client.ApiClient.handleResponse(ApiClient.java:1098)
	at com.konfigthis.client.ApiClient.execute(ApiClient.java:1005)
	at com.konfigthis.client.api.AuthenticationApiGenerated.registerSnapTradeUserWithHttpInfo(AuthenticationApiGenerated.java:708)
	at com.konfigthis.client.api.AuthenticationApiGenerated.access$1000(AuthenticationApiGenerated.java:41)
	at com.konfigthis.client.api.AuthenticationApiGenerated$RegisterSnapTradeUserRequestBuilderGenerated.execute(AuthenticationApiGenerated.java:760)
	at com.zenith.trade.journal.service.SnapTradeService.lambda$registerUser$0(SnapTradeService.java:44)
	at io.vertx.core.Future.future(Future.java:194)
	at com.zenith.trade.journal.service.SnapTradeService.registerUser(SnapTradeService.java:42)
	at com.zenith.trade.journal.handler.BrokerageHandler.registerUser(BrokerageHandler.java:33)
	at io.vertx.ext.web.impl.RouteState.handleContext(RouteState.java:1286)
	at io.vertx.ext.web.impl.RoutingContextImplBase.iterateNext(RoutingContextImplBase.java:177)
	at io.vertx.ext.web.impl.RoutingContextImpl.next(RoutingContextImpl.java:144)
	at io.vertx.ext.web.handler.impl.BodyHandlerImpl$BHandler.doEnd(BodyHandlerImpl.java:359)
	at io.vertx.ext.web.handler.impl.BodyHandlerImpl$BHandler.end(BodyHandlerImpl.java:336)
	at io.vertx.core.impl.ContextInternal.dispatch(ContextInternal.java:277)
	at io.vertx.core.impl.ContextInternal.dispatch(ContextInternal.java:259)
	at io.vertx.core.http.impl.HttpEventHandler.handleEnd(HttpEventHandler.java:76)
	at io.vertx.core.http.impl.Http1xServerRequest.onEnd(Http1xServerRequest.java:595)
	at io.vertx.core.http.impl.Http1xServerRequest.lambda$pendingQueue$1(Http1xServerRequest.java:133)
	at io.vertx.core.streams.impl.InboundBuffer.handleEvent(InboundBuffer.java:255)
	at io.vertx.core.streams.impl.InboundBuffer.write(InboundBuffer.java:134)
	at io.vertx.core.http.impl.Http1xServerRequest.handleEnd(Http1xServerRequest.java:576)
	at io.vertx.core.impl.EventLoopContext.execute(EventLoopContext.java:76)
	at io.vertx.core.impl.DuplicatedContext.execute(DuplicatedContext.java:174)
	at io.vertx.core.http.impl.Http1xServerConnection.onEnd(Http1xServerConnection.java:221)
	at io.vertx.core.http.impl.Http1xServerConnection.onContent(Http1xServerConnection.java:209)
	at io.vertx.core.http.impl.Http1xServerConnection.handleOther(Http1xServerConnection.java:189)
	at io.vertx.core.http.impl.Http1xServerConnection.handleMessage(Http1xServerConnection.java:176)
	at io.vertx.core.net.impl.ConnectionBase.read(ConnectionBase.java:159)
	at io.vertx.core.net.impl.VertxHandler.channelRead(VertxHandler.java:153)
	at io.netty.channel.AbstractChannelHandlerContext.invokeChannelRead(AbstractChannelHandlerContext.java:442)
	at io.netty.channel.AbstractChannelHandlerContext.invokeChannelRead(AbstractChannelHandlerContext.java:420)
	at io.netty.channel.AbstractChannelHandlerContext.fireChannelRead(AbstractChannelHandlerContext.java:412)
	at io.netty.channel.ChannelInboundHandlerAdapter.channelRead(ChannelInboundHandlerAdapter.java:93)
	at io.netty.handler.codec.http.websocketx.extensions.WebSocketServerExtensionHandler.channelRead(WebSocketServerExtensionHandler.java:88)
	at io.netty.channel.AbstractChannelHandlerContext.invokeChannelRead(AbstractChannelHandlerContext.java:442)
	at io.netty.channel.AbstractChannelHandlerContext.invokeChannelRead(AbstractChannelHandlerContext.java:420)
	at io.netty.channel.AbstractChannelHandlerContext.fireChannelRead(AbstractChannelHandlerContext.java:412)
	at io.netty.handler.codec.ByteToMessageDecoder.fireChannelRead(ByteToMessageDecoder.java:346)
	at io.netty.handler.codec.ByteToMessageDecoder.channelRead(ByteToMessageDecoder.java:318)
	at io.netty.channel.AbstractChannelHandlerContext.invokeChannelRead(AbstractChannelHandlerContext.java:444)
	at io.netty.channel.AbstractChannelHandlerContext.invokeChannelRead(AbstractChannelHandlerContext.java:420)
	at io.netty.channel.AbstractChannelHandlerContext.fireChannelRead(AbstractChannelHandlerContext.java:412)
	at io.vertx.core.http.impl.Http1xOrH2CHandler.end(Http1xOrH2CHandler.java:61)
	at io.vertx.core.http.impl.Http1xOrH2CHandler.channelRead(Http1xOrH2CHandler.java:38)
	at io.netty.channel.AbstractChannelHandlerContext.invokeChannelRead(AbstractChannelHandlerContext.java:444)
	at io.netty.channel.AbstractChannelHandlerContext.invokeChannelRead(AbstractChannelHandlerContext.java:420)
	at io.netty.channel.AbstractChannelHandlerContext.fireChannelRead(AbstractChannelHandlerContext.java:412)
	at io.netty.channel.DefaultChannelPipeline$HeadContext.channelRead(DefaultChannelPipeline.java:1410)
	at io.netty.channel.AbstractChannelHandlerContext.invokeChannelRead(AbstractChannelHandlerContext.java:440)
	at io.netty.channel.AbstractChannelHandlerContext.invokeChannelRead(AbstractChannelHandlerContext.java:420)
	at io.netty.channel.DefaultChannelPipeline.fireChannelRead(DefaultChannelPipeline.java:919)
	at io.netty.channel.nio.AbstractNioByteChannel$NioByteUnsafe.read(AbstractNioByteChannel.java:166)
	at io.netty.channel.nio.NioEventLoop.processSelectedKey(NioEventLoop.java:788)
	at io.netty.channel.nio.NioEventLoop.processSelectedKeysOptimized(NioEventLoop.java:724)
	at io.netty.channel.nio.NioEventLoop.processSelectedKeys(NioEventLoop.java:650)
	at io.netty.channel.nio.NioEventLoop.run(NioEventLoop.java:562)
	at io.netty.util.concurrent.SingleThreadEventExecutor$4.run(SingleThreadEventExecutor.java:997)
	at io.netty.util.internal.ThreadExecutorMap$2.run(ThreadExecutorMap.java:74)
	at io.netty.util.concurrent.FastThreadLocalRunnable.run(FastThreadLocalRunnable.java:30)
	at java.base/java.lang.Thread.run(Thread.java:1583)
15:14:40.970 [vert.x-eventloop-thread-0] DEBUG io.vertx.ext.web.RoutingContext -- RoutingContext failure (500)
com.konfigthis.client.ApiException: Message: 
HTTP response code: 400
HTTP response body: {"detail":"User with the following userId already exist: '550e8400-e29b-41d4-a716-446655440000'","status_code":400,"code":"1010"}
HTTP response headers: {allow=[POST, OPTIONS], content-length=[129], content-type=[application/json], cross-origin-opener-policy=[same-origin], date=[Sat, 07 Feb 2026 23:14:40 GMT], referrer-policy=[same-origin], server=[gunicorn], strict-transport-security=[max-age=31536000; includeSubDomains; preload], vary=[origin], x-content-type-options=[nosniff], x-frame-options=[DENY], x-ratelimit-limit=[250], x-ratelimit-remaining=[248], x-request-id=[7627dd3e4ad4b2a479aee28e8035d53b]}
	at com.konfigthis.client.ApiClient.handleResponse(ApiClient.java:1098)
	at com.konfigthis.client.ApiClient.execute(ApiClient.java:1005)
	at com.konfigthis.client.api.AuthenticationApiGenerated.registerSnapTradeUserWithHttpInfo(AuthenticationApiGenerated.java:708)
	at com.konfigthis.client.api.AuthenticationApiGenerated.access$1000(AuthenticationApiGenerated.java:41)
	at com.konfigthis.client.api.AuthenticationApiGenerated$RegisterSnapTradeUserRequestBuilderGenerated.execute(AuthenticationApiGenerated.java:760)
	at com.zenith.trade.journal.service.SnapTradeService.lambda$registerUser$0(SnapTradeService.java:44)
	at io.vertx.core.Future.future(Future.java:194)
	at com.zenith.trade.journal.service.SnapTradeService.registerUser(SnapTradeService.java:42)
	at com.zenith.trade.journal.handler.BrokerageHandler.registerUser(BrokerageHandler.java:33)
	at io.vertx.ext.web.impl.RouteState.handleContext(RouteState.java:1286)
	at io.vertx.ext.web.impl.RoutingContextImplBase.iterateNext(RoutingContextImplBase.java:177)
	at io.vertx.ext.web.impl.RoutingContextImpl.next(RoutingContextImpl.java:144)
	at io.vertx.ext.web.handler.impl.BodyHandlerImpl$BHandler.doEnd(BodyHandlerImpl.java:359)
	at io.vertx.ext.web.handler.impl.BodyHandlerImpl$BHandler.end(BodyHandlerImpl.java:336)
	at io.vertx.core.impl.ContextInternal.dispatch(ContextInternal.java:277)
	at io.vertx.core.impl.ContextInternal.dispatch(ContextInternal.java:259)
	at io.vertx.core.http.impl.HttpEventHandler.handleEnd(HttpEventHandler.java:76)
	at io.vertx.core.http.impl.Http1xServerRequest.onEnd(Http1xServerRequest.java:595)
	at io.vertx.core.http.impl.Http1xServerRequest.lambda$pendingQueue$1(Http1xServerRequest.java:133)
	at io.vertx.core.streams.impl.InboundBuffer.handleEvent(InboundBuffer.java:255)
	at io.vertx.core.streams.impl.InboundBuffer.write(InboundBuffer.java:134)
	at io.vertx.core.http.impl.Http1xServerRequest.handleEnd(Http1xServerRequest.java:576)
	at io.vertx.core.impl.EventLoopContext.execute(EventLoopContext.java:76)
	at io.vertx.core.impl.DuplicatedContext.execute(DuplicatedContext.java:174)
	at io.vertx.core.http.impl.Http1xServerConnection.onEnd(Http1xServerConnection.java:221)
	at io.vertx.core.http.impl.Http1xServerConnection.onContent(Http1xServerConnection.java:209)
	at io.vertx.core.http.impl.Http1xServerConnection.handleOther(Http1xServerConnection.java:189)
	at io.vertx.core.http.impl.Http1xServerConnection.handleMessage(Http1xServerConnection.java:176)
	at io.vertx.core.net.impl.ConnectionBase.read(ConnectionBase.java:159)
	at io.vertx.core.net.impl.VertxHandler.channelRead(VertxHandler.java:153)
	at io.netty.channel.AbstractChannelHandlerContext.invokeChannelRead(AbstractChannelHandlerContext.java:442)
	at io.netty.channel.AbstractChannelHandlerContext.invokeChannelRead(AbstractChannelHandlerContext.java:420)
	at io.netty.channel.AbstractChannelHandlerContext.fireChannelRead(AbstractChannelHandlerContext.java:412)
	at io.netty.channel.ChannelInboundHandlerAdapter.channelRead(ChannelInboundHandlerAdapter.java:93)
	at io.netty.handler.codec.http.websocketx.extensions.WebSocketServerExtensionHandler.channelRead(WebSocketServerExtensionHandler.java:88)
	at io.netty.channel.AbstractChannelHandlerContext.invokeChannelRead(AbstractChannelHandlerContext.java:442)
	at io.netty.channel.AbstractChannelHandlerContext.invokeChannelRead(AbstractChannelHandlerContext.java:420)
	at io.netty.channel.AbstractChannelHandlerContext.fireChannelRead(AbstractChannelHandlerContext.java:412)
	at io.netty.handler.codec.ByteToMessageDecoder.fireChannelRead(ByteToMessageDecoder.java:346)
	at io.netty.handler.codec.ByteToMessageDecoder.channelRead(ByteToMessageDecoder.java:318)
	at io.netty.channel.AbstractChannelHandlerContext.invokeChannelRead(AbstractChannelHandlerContext.java:444)
	at io.netty.channel.AbstractChannelHandlerContext.invokeChannelRead(AbstractChannelHandlerContext.java:420)
	at io.netty.channel.AbstractChannelHandlerContext.fireChannelRead(AbstractChannelHandlerContext.java:412)
	at io.vertx.core.http.impl.Http1xOrH2CHandler.end(Http1xOrH2CHandler.java:61)
	at io.vertx.core.http.impl.Http1xOrH2CHandler.channelRead(Http1xOrH2CHandler.java:38)
	at io.netty.channel.AbstractChannelHandlerContext.invokeChannelRead(AbstractChannelHandlerContext.java:444)
	at io.netty.channel.AbstractChannelHandlerContext.invokeChannelRead(AbstractChannelHandlerContext.java:420)
	at io.netty.channel.AbstractChannelHandlerContext.fireChannelRead(AbstractChannelHandlerContext.java:412)
	at io.netty.channel.DefaultChannelPipeline$HeadContext.channelRead(DefaultChannelPipeline.java:1410)
	at io.netty.channel.AbstractChannelHandlerContext.invokeChannelRead(AbstractChannelHandlerContext.java:440)
	at io.netty.channel.AbstractChannelHandlerContext.invokeChannelRead(AbstractChannelHandlerContext.java:420)
	at io.netty.channel.DefaultChannelPipeline.fireChannelRead(DefaultChannelPipeline.java:919)
	at io.netty.channel.nio.AbstractNioByteChannel$NioByteUnsafe.read(AbstractNioByteChannel.java:166)
	at io.netty.channel.nio.NioEventLoop.processSelectedKey(NioEventLoop.java:788)
	at io.netty.channel.nio.NioEventLoop.processSelectedKeysOptimized(NioEventLoop.java:724)
	at io.netty.channel.nio.NioEventLoop.processSelectedKeys(NioEventLoop.java:650)
	at io.netty.channel.nio.NioEventLoop.run(NioEventLoop.java:562)
	at io.netty.util.concurrent.SingleThreadEventExecutor$4.run(SingleThreadEventExecutor.java:997)
	at io.netty.util.internal.ThreadExecutorMap$2.run(ThreadExecutorMap.java:74)
	at io.netty.util.concurrent.FastThreadLocalRunnable.run(FastThreadLocalRunnable.java:30)
	at java.base/java.lang.Thread.run(Thread.java:1583)
15:14:40.971 [vert.x-eventloop-thread-0] ERROR io.vertx.ext.web.RoutingContext -- Unhandled exception in router
com.konfigthis.client.ApiException: Message: 
HTTP response code: 400
HTTP response body: {"detail":"User with the following userId already exist: '550e8400-e29b-41d4-a716-446655440000'","status_code":400,"code":"1010"}
HTTP response headers: {allow=[POST, OPTIONS], content-length=[129], content-type=[application/json], cross-origin-opener-policy=[same-origin], date=[Sat, 07 Feb 2026 23:14:40 GMT], referrer-policy=[same-origin], server=[gunicorn], strict-transport-security=[max-age=31536000; includeSubDomains; preload], vary=[origin], x-content-type-options=[nosniff], x-frame-options=[DENY], x-ratelimit-limit=[250], x-ratelimit-remaining=[248], x-request-id=[7627dd3e4ad4b2a479aee28e8035d53b]}
	at com.konfigthis.client.ApiClient.handleResponse(ApiClient.java:1098)
	at com.konfigthis.client.ApiClient.execute(ApiClient.java:1005)
	at com.konfigthis.client.api.AuthenticationApiGenerated.registerSnapTradeUserWithHttpInfo(AuthenticationApiGenerated.java:708)
	at com.konfigthis.client.api.AuthenticationApiGenerated.access$1000(AuthenticationApiGenerated.java:41)
	at com.konfigthis.client.api.AuthenticationApiGenerated$RegisterSnapTradeUserRequestBuilderGenerated.execute(AuthenticationApiGenerated.java:760)
	at com.zenith.trade.journal.service.SnapTradeService.lambda$registerUser$0(SnapTradeService.java:44)
	at io.vertx.core.Future.future(Future.java:194)
	at com.zenith.trade.journal.service.SnapTradeService.registerUser(SnapTradeService.java:42)
	at com.zenith.trade.journal.handler.BrokerageHandler.registerUser(BrokerageHandler.java:33)
	at io.vertx.ext.web.impl.RouteState.handleContext(RouteState.java:1286)
	at io.vertx.ext.web.impl.RoutingContextImplBase.iterateNext(RoutingContextImplBase.java:177)
	at io.vertx.ext.web.impl.RoutingContextImpl.next(RoutingContextImpl.java:144)
	at io.vertx.ext.web.handler.impl.BodyHandlerImpl$BHandler.doEnd(BodyHandlerImpl.java:359)
	at io.vertx.ext.web.handler.impl.BodyHandlerImpl$BHandler.end(BodyHandlerImpl.java:336)
	at io.vertx.core.impl.ContextInternal.dispatch(ContextInternal.java:277)
	at io.vertx.core.impl.ContextInternal.dispatch(ContextInternal.java:259)
	at io.vertx.core.http.impl.HttpEventHandler.handleEnd(HttpEventHandler.java:76)
	at io.vertx.core.http.impl.Http1xServerRequest.onEnd(Http1xServerRequest.java:595)
	at io.vertx.core.http.impl.Http1xServerRequest.lambda$pendingQueue$1(Http1xServerRequest.java:133)
	at io.vertx.core.streams.impl.InboundBuffer.handleEvent(InboundBuffer.java:255)
	at io.vertx.core.streams.impl.InboundBuffer.write(InboundBuffer.java:134)
	at io.vertx.core.http.impl.Http1xServerRequest.handleEnd(Http1xServerRequest.java:576)
	at io.vertx.core.impl.EventLoopContext.execute(EventLoopContext.java:76)
	at io.vertx.core.impl.DuplicatedContext.execute(DuplicatedContext.java:174)
	at io.vertx.core.http.impl.Http1xServerConnection.onEnd(Http1xServerConnection.java:221)
	at io.vertx.core.http.impl.Http1xServerConnection.onContent(Http1xServerConnection.java:209)
	at io.vertx.core.http.impl.Http1xServerConnection.handleOther(Http1xServerConnection.java:189)
	at io.vertx.core.http.impl.Http1xServerConnection.handleMessage(Http1xServerConnection.java:176)
	at io.vertx.core.net.impl.ConnectionBase.read(ConnectionBase.java:159)
	at io.vertx.core.net.impl.VertxHandler.channelRead(VertxHandler.java:153)
	at io.netty.channel.AbstractChannelHandlerContext.invokeChannelRead(AbstractChannelHandlerContext.java:442)
	at io.netty.channel.AbstractChannelHandlerContext.invokeChannelRead(AbstractChannelHandlerContext.java:420)
	at io.netty.channel.AbstractChannelHandlerContext.fireChannelRead(AbstractChannelHandlerContext.java:412)
	at io.netty.channel.ChannelInboundHandlerAdapter.channelRead(ChannelInboundHandlerAdapter.java:93)
	at io.netty.handler.codec.http.websocketx.extensions.WebSocketServerExtensionHandler.channelRead(WebSocketServerExtensionHandler.java:88)
	at io.netty.channel.AbstractChannelHandlerContext.invokeChannelRead(AbstractChannelHandlerContext.java:442)
	at io.netty.channel.AbstractChannelHandlerContext.invokeChannelRead(AbstractChannelHandlerContext.java:420)
	at io.netty.channel.AbstractChannelHandlerContext.fireChannelRead(AbstractChannelHandlerContext.java:412)
	at io.netty.handler.codec.ByteToMessageDecoder.fireChannelRead(ByteToMessageDecoder.java:346)
	at io.netty.handler.codec.ByteToMessageDecoder.channelRead(ByteToMessageDecoder.java:318)
	at io.netty.channel.AbstractChannelHandlerContext.invokeChannelRead(AbstractChannelHandlerContext.java:444)
	at io.netty.channel.AbstractChannelHandlerContext.invokeChannelRead(AbstractChannelHandlerContext.java:420)
	at io.netty.channel.AbstractChannelHandlerContext.fireChannelRead(AbstractChannelHandlerContext.java:412)
	at io.vertx.core.http.impl.Http1xOrH2CHandler.end(Http1xOrH2CHandler.java:61)
	at io.vertx.core.http.impl.Http1xOrH2CHandler.channelRead(Http1xOrH2CHandler.java:38)
	at io.netty.channel.AbstractChannelHandlerContext.invokeChannelRead(AbstractChannelHandlerContext.java:444)
	at io.netty.channel.AbstractChannelHandlerContext.invokeChannelRead(AbstractChannelHandlerContext.java:420)
	at io.netty.channel.AbstractChannelHandlerContext.fireChannelRead(AbstractChannelHandlerContext.java:412)
	at io.netty.channel.DefaultChannelPipeline$HeadContext.channelRead(DefaultChannelPipeline.java:1410)
	at io.netty.channel.AbstractChannelHandlerContext.invokeChannelRead(AbstractChannelHandlerContext.java:440)
	at io.netty.channel.AbstractChannelHandlerContext.invokeChannelRead(AbstractChannelHandlerContext.java:420)
	at io.netty.channel.DefaultChannelPipeline.fireChannelRead(DefaultChannelPipeline.java:919)
	at io.netty.channel.nio.AbstractNioByteChannel$NioByteUnsafe.read(AbstractNioByteChannel.java:166)
	at io.netty.channel.nio.NioEventLoop.processSelectedKey(NioEventLoop.java:788)
	at io.netty.channel.nio.NioEventLoop.processSelectedKeysOptimized(NioEventLoop.java:724)
	at io.netty.channel.nio.NioEventLoop.processSelectedKeys(NioEventLoop.java:650)
	at io.netty.channel.nio.NioEventLoop.run(NioEventLoop.java:562)
	at io.netty.util.concurrent.SingleThreadEventExecutor$4.run(SingleThreadEventExecutor.java:997)
	at io.netty.util.internal.ThreadExecutorMap$2.run(ThreadExecutorMap.java:74)
	at io.netty.util.concurrent.FastThreadLocalRunnable.run(FastThreadLocalRunnable.java:30)
	at java.base/java.lang.Thread.run(Thread.java:1583)
15:15:59.806 [vert.x-eventloop-thread-0] ERROR com.zenith.trade.journal.handler.BrokerageHandler -- Sync failed
java.lang.RuntimeException: User not registered with SnapTrade
	at com.zenith.trade.journal.handler.BrokerageHandler.lambda$syncHoldings$10(BrokerageHandler.java:61)
	at io.vertx.core.impl.future.Composition.onSuccess(Composition.java:38)
	at io.vertx.core.impl.future.FutureBase.emitSuccess(FutureBase.java:60)
	at io.vertx.core.impl.future.FutureImpl.tryComplete(FutureImpl.java:211)
	at io.vertx.core.impl.future.Mapping.onSuccess(Mapping.java:40)
	at io.vertx.core.impl.future.FutureBase.emitSuccess(FutureBase.java:60)
	at io.vertx.core.impl.future.FutureImpl.tryComplete(FutureImpl.java:211)
	at io.vertx.core.impl.future.PromiseImpl.tryComplete(PromiseImpl.java:23)
	at io.vertx.sqlclient.impl.QueryResultBuilder.tryComplete(QueryResultBuilder.java:88)
	at io.vertx.sqlclient.impl.QueryResultBuilder.tryComplete(QueryResultBuilder.java:32)
	at io.vertx.core.Promise.complete(Promise.java:66)
	at io.vertx.core.Promise.handle(Promise.java:51)
	at io.vertx.core.Promise.handle(Promise.java:29)
	at io.vertx.core.impl.future.FutureImpl$3.onSuccess(FutureImpl.java:141)
	at io.vertx.core.impl.future.FutureBase.emitSuccess(FutureBase.java:60)
	at io.vertx.core.impl.future.FutureImpl.tryComplete(FutureImpl.java:211)
	at io.vertx.core.impl.future.Composition$1.onSuccess(Composition.java:62)
	at io.vertx.core.impl.future.FutureBase.emitSuccess(FutureBase.java:60)
	at io.vertx.core.impl.future.FutureImpl.tryComplete(FutureImpl.java:211)
	at io.vertx.core.impl.future.Transformation$1.onSuccess(Transformation.java:63)
	at io.vertx.core.impl.future.FutureBase.emitSuccess(FutureBase.java:60)
	at io.vertx.core.impl.future.FutureImpl.addListener(FutureImpl.java:196)
	at io.vertx.core.impl.future.PromiseImpl.addListener(PromiseImpl.java:23)
	at io.vertx.core.impl.future.Transformation.onSuccess(Transformation.java:44)
	at io.vertx.core.impl.future.FutureBase.lambda$emitSuccess$0(FutureBase.java:54)
	at io.vertx.core.impl.EventLoopContext.execute(EventLoopContext.java:86)
	at io.vertx.core.impl.DuplicatedContext.execute(DuplicatedContext.java:184)
	at io.vertx.core.impl.future.FutureBase.emitSuccess(FutureBase.java:51)
	at io.vertx.core.impl.future.FutureImpl.tryComplete(FutureImpl.java:211)
	at io.vertx.core.impl.future.PromiseImpl.tryComplete(PromiseImpl.java:23)
	at io.vertx.core.impl.future.PromiseImpl.onSuccess(PromiseImpl.java:49)
	at io.vertx.core.impl.future.PromiseImpl.handle(PromiseImpl.java:41)
	at io.vertx.core.impl.future.PromiseImpl.handle(PromiseImpl.java:23)
	at io.vertx.sqlclient.impl.command.CommandResponse.fire(CommandResponse.java:46)
	at io.vertx.sqlclient.impl.SocketConnectionBase.handleMessage(SocketConnectionBase.java:325)
	at io.vertx.pgclient.impl.PgSocketConnection.handleMessage(PgSocketConnection.java:118)
	at io.vertx.sqlclient.impl.SocketConnectionBase.lambda$init$0(SocketConnectionBase.java:138)
	at io.vertx.core.impl.EventLoopContext.emit(EventLoopContext.java:55)
	at io.vertx.core.impl.ContextBase.emit(ContextBase.java:297)
	at io.vertx.core.net.impl.NetSocketImpl.handleMessage(NetSocketImpl.java:378)
	at io.vertx.core.net.impl.ConnectionBase.read(ConnectionBase.java:159)
	at io.vertx.core.net.impl.VertxHandler.channelRead(VertxHandler.java:153)
	at io.netty.channel.AbstractChannelHandlerContext.invokeChannelRead(AbstractChannelHandlerContext.java:442)
	at io.netty.channel.AbstractChannelHandlerContext.invokeChannelRead(AbstractChannelHandlerContext.java:420)
	at io.netty.channel.AbstractChannelHandlerContext.fireChannelRead(AbstractChannelHandlerContext.java:412)
	at io.netty.channel.CombinedChannelDuplexHandler$DelegatingChannelHandlerContext.fireChannelRead(CombinedChannelDuplexHandler.java:436)
	at io.vertx.pgclient.impl.codec.PgEncoder.lambda$write$0(PgEncoder.java:100)
	at io.vertx.pgclient.impl.codec.PgCommandCodec.handleReadyForQuery(PgCommandCodec.java:139)
	at io.vertx.pgclient.impl.codec.PgDecoder.decodeReadyForQuery(PgDecoder.java:237)
	at io.vertx.pgclient.impl.codec.PgDecoder.channelRead(PgDecoder.java:96)
	at io.netty.channel.CombinedChannelDuplexHandler.channelRead(CombinedChannelDuplexHandler.java:251)
	at io.netty.channel.AbstractChannelHandlerContext.invokeChannelRead(AbstractChannelHandlerContext.java:442)
	at io.netty.channel.AbstractChannelHandlerContext.invokeChannelRead(AbstractChannelHandlerContext.java:420)
	at io.netty.channel.AbstractChannelHandlerContext.fireChannelRead(AbstractChannelHandlerContext.java:412)
	at io.netty.channel.DefaultChannelPipeline$HeadContext.channelRead(DefaultChannelPipeline.java:1410)
	at io.netty.channel.AbstractChannelHandlerContext.invokeChannelRead(AbstractChannelHandlerContext.java:440)
	at io.netty.channel.AbstractChannelHandlerContext.invokeChannelRead(AbstractChannelHandlerContext.java:420)
	at io.netty.channel.DefaultChannelPipeline.fireChannelRead(DefaultChannelPipeline.java:919)
	at io.netty.channel.nio.AbstractNioByteChannel$NioByteUnsafe.read(AbstractNioByteChannel.java:166)
	at io.netty.channel.nio.NioEventLoop.processSelectedKey(NioEventLoop.java:788)
	at io.netty.channel.nio.NioEventLoop.processSelectedKeysOptimized(NioEventLoop.java:724)
	at io.netty.channel.nio.NioEventLoop.processSelectedKeys(NioEventLoop.java:650)
	at io.netty.channel.nio.NioEventLoop.run(NioEventLoop.java:562)
	at io.netty.util.concurrent.SingleThreadEventExecutor$4.run(SingleThreadEventExecutor.java:997)
	at io.netty.util.internal.ThreadExecutorMap$2.run(ThreadExecutorMap.java:74)
	at io.netty.util.concurrent.FastThreadLocalRunnable.run(FastThreadLocalRunnable.java:30)
	at java.base/java.lang.Thread.run(Thread.java:1583)
15:15:59.807 [vert.x-eventloop-thread-0] DEBUG io.vertx.ext.web.RoutingContext -- RoutingContext failure (500)
java.lang.RuntimeException: User not registered with SnapTrade
	at com.zenith.trade.journal.handler.BrokerageHandler.lambda$syncHoldings$10(BrokerageHandler.java:61)
	at io.vertx.core.impl.future.Composition.onSuccess(Composition.java:38)
	at io.vertx.core.impl.future.FutureBase.emitSuccess(FutureBase.java:60)
	at io.vertx.core.impl.future.FutureImpl.tryComplete(FutureImpl.java:211)
	at io.vertx.core.impl.future.Mapping.onSuccess(Mapping.java:40)
	at io.vertx.core.impl.future.FutureBase.emitSuccess(FutureBase.java:60)
	at io.vertx.core.impl.future.FutureImpl.tryComplete(FutureImpl.java:211)
	at io.vertx.core.impl.future.PromiseImpl.tryComplete(PromiseImpl.java:23)
	at io.vertx.sqlclient.impl.QueryResultBuilder.tryComplete(QueryResultBuilder.java:88)
	at io.vertx.sqlclient.impl.QueryResultBuilder.tryComplete(QueryResultBuilder.java:32)
	at io.vertx.core.Promise.complete(Promise.java:66)
	at io.vertx.core.Promise.handle(Promise.java:51)
	at io.vertx.core.Promise.handle(Promise.java:29)
	at io.vertx.core.impl.future.FutureImpl$3.onSuccess(FutureImpl.java:141)
	at io.vertx.core.impl.future.FutureBase.emitSuccess(FutureBase.java:60)
	at io.vertx.core.impl.future.FutureImpl.tryComplete(FutureImpl.java:211)
	at io.vertx.core.impl.future.Composition$1.onSuccess(Composition.java:62)
	at io.vertx.core.impl.future.FutureBase.emitSuccess(FutureBase.java:60)
	at io.vertx.core.impl.future.FutureImpl.tryComplete(FutureImpl.java:211)
	at io.vertx.core.impl.future.Transformation$1.onSuccess(Transformation.java:63)
	at io.vertx.core.impl.future.FutureBase.emitSuccess(FutureBase.java:60)
	at io.vertx.core.impl.future.FutureImpl.addListener(FutureImpl.java:196)
	at io.vertx.core.impl.future.PromiseImpl.addListener(PromiseImpl.java:23)
	at io.vertx.core.impl.future.Transformation.onSuccess(Transformation.java:44)
	at io.vertx.core.impl.future.FutureBase.lambda$emitSuccess$0(FutureBase.java:54)
	at io.vertx.core.impl.EventLoopContext.execute(EventLoopContext.java:86)
	at io.vertx.core.impl.DuplicatedContext.execute(DuplicatedContext.java:184)
	at io.vertx.core.impl.future.FutureBase.emitSuccess(FutureBase.java:51)
	at io.vertx.core.impl.future.FutureImpl.tryComplete(FutureImpl.java:211)
	at io.vertx.core.impl.future.PromiseImpl.tryComplete(PromiseImpl.java:23)
	at io.vertx.core.impl.future.PromiseImpl.onSuccess(PromiseImpl.java:49)
	at io.vertx.core.impl.future.PromiseImpl.handle(PromiseImpl.java:41)
	at io.vertx.core.impl.future.PromiseImpl.handle(PromiseImpl.java:23)
	at io.vertx.sqlclient.impl.command.CommandResponse.fire(CommandResponse.java:46)
	at io.vertx.sqlclient.impl.SocketConnectionBase.handleMessage(SocketConnectionBase.java:325)
	at io.vertx.pgclient.impl.PgSocketConnection.handleMessage(PgSocketConnection.java:118)
	at io.vertx.sqlclient.impl.SocketConnectionBase.lambda$init$0(SocketConnectionBase.java:138)
	at io.vertx.core.impl.EventLoopContext.emit(EventLoopContext.java:55)
	at io.vertx.core.impl.ContextBase.emit(ContextBase.java:297)
	at io.vertx.core.net.impl.NetSocketImpl.handleMessage(NetSocketImpl.java:378)
	at io.vertx.core.net.impl.ConnectionBase.read(ConnectionBase.java:159)
	at io.vertx.core.net.impl.VertxHandler.channelRead(VertxHandler.java:153)
	at io.netty.channel.AbstractChannelHandlerContext.invokeChannelRead(AbstractChannelHandlerContext.java:442)
	at io.netty.channel.AbstractChannelHandlerContext.invokeChannelRead(AbstractChannelHandlerContext.java:420)
	at io.netty.channel.AbstractChannelHandlerContext.fireChannelRead(AbstractChannelHandlerContext.java:412)
	at io.netty.channel.CombinedChannelDuplexHandler$DelegatingChannelHandlerContext.fireChannelRead(CombinedChannelDuplexHandler.java:436)
	at io.vertx.pgclient.impl.codec.PgEncoder.lambda$write$0(PgEncoder.java:100)
	at io.vertx.pgclient.impl.codec.PgCommandCodec.handleReadyForQuery(PgCommandCodec.java:139)
	at io.vertx.pgclient.impl.codec.PgDecoder.decodeReadyForQuery(PgDecoder.java:237)
	at io.vertx.pgclient.impl.codec.PgDecoder.channelRead(PgDecoder.java:96)
	at io.netty.channel.CombinedChannelDuplexHandler.channelRead(CombinedChannelDuplexHandler.java:251)
	at io.netty.channel.AbstractChannelHandlerContext.invokeChannelRead(AbstractChannelHandlerContext.java:442)
	at io.netty.channel.AbstractChannelHandlerContext.invokeChannelRead(AbstractChannelHandlerContext.java:420)
	at io.netty.channel.AbstractChannelHandlerContext.fireChannelRead(AbstractChannelHandlerContext.java:412)
	at io.netty.channel.DefaultChannelPipeline$HeadContext.channelRead(DefaultChannelPipeline.java:1410)
	at io.netty.channel.AbstractChannelHandlerContext.invokeChannelRead(AbstractChannelHandlerContext.java:440)
	at io.netty.channel.AbstractChannelHandlerContext.invokeChannelRead(AbstractChannelHandlerContext.java:420)
	at io.netty.channel.DefaultChannelPipeline.fireChannelRead(DefaultChannelPipeline.java:919)
	at io.netty.channel.nio.AbstractNioByteChannel$NioByteUnsafe.read(AbstractNioByteChannel.java:166)
	at io.netty.channel.nio.NioEventLoop.processSelectedKey(NioEventLoop.java:788)
	at io.netty.channel.nio.NioEventLoop.processSelectedKeysOptimized(NioEventLoop.java:724)
	at io.netty.channel.nio.NioEventLoop.processSelectedKeys(NioEventLoop.java:650)
	at io.netty.channel.nio.NioEventLoop.run(NioEventLoop.java:562)
	at io.netty.util.concurrent.SingleThreadEventExecutor$4.run(SingleThreadEventExecutor.java:997)
	at io.netty.util.internal.ThreadExecutorMap$2.run(ThreadExecutorMap.java:74)
	at io.netty.util.concurrent.FastThreadLocalRunnable.run(FastThreadLocalRunnable.java:30)
	at java.base/java.lang.Thread.run(Thread.java:1583)
15:15:59.807 [vert.x-eventloop-thread-0] ERROR io.vertx.ext.web.RoutingContext -- Unhandled exception in router
java.lang.RuntimeException: User not registered with SnapTrade
	at com.zenith.trade.journal.handler.BrokerageHandler.lambda$syncHoldings$10(BrokerageHandler.java:61)
	at io.vertx.core.impl.future.Composition.onSuccess(Composition.java:38)
	at io.vertx.core.impl.future.FutureBase.emitSuccess(FutureBase.java:60)
	at io.vertx.core.impl.future.FutureImpl.tryComplete(FutureImpl.java:211)
	at io.vertx.core.impl.future.Mapping.onSuccess(Mapping.java:40)
	at io.vertx.core.impl.future.FutureBase.emitSuccess(FutureBase.java:60)
	at io.vertx.core.impl.future.FutureImpl.tryComplete(FutureImpl.java:211)
	at io.vertx.core.impl.future.PromiseImpl.tryComplete(PromiseImpl.java:23)
	at io.vertx.sqlclient.impl.QueryResultBuilder.tryComplete(QueryResultBuilder.java:88)
	at io.vertx.sqlclient.impl.QueryResultBuilder.tryComplete(QueryResultBuilder.java:32)
	at io.vertx.core.Promise.complete(Promise.java:66)
	at io.vertx.core.Promise.handle(Promise.java:51)
	at io.vertx.core.Promise.handle(Promise.java:29)
	at io.vertx.core.impl.future.FutureImpl$3.onSuccess(FutureImpl.java:141)
	at io.vertx.core.impl.future.FutureBase.emitSuccess(FutureBase.java:60)
	at io.vertx.core.impl.future.FutureImpl.tryComplete(FutureImpl.java:211)
	at io.vertx.core.impl.future.Composition$1.onSuccess(Composition.java:62)
	at io.vertx.core.impl.future.FutureBase.emitSuccess(FutureBase.java:60)
	at io.vertx.core.impl.future.FutureImpl.tryComplete(FutureImpl.java:211)
	at io.vertx.core.impl.future.Transformation$1.onSuccess(Transformation.java:63)
	at io.vertx.core.impl.future.FutureBase.emitSuccess(FutureBase.java:60)
	at io.vertx.core.impl.future.FutureImpl.addListener(FutureImpl.java:196)
	at io.vertx.core.impl.future.PromiseImpl.addListener(PromiseImpl.java:23)
	at io.vertx.core.impl.future.Transformation.onSuccess(Transformation.java:44)
	at io.vertx.core.impl.future.FutureBase.lambda$emitSuccess$0(FutureBase.java:54)
	at io.vertx.core.impl.EventLoopContext.execute(EventLoopContext.java:86)
	at io.vertx.core.impl.DuplicatedContext.execute(DuplicatedContext.java:184)
	at io.vertx.core.impl.future.FutureBase.emitSuccess(FutureBase.java:51)
	at io.vertx.core.impl.future.FutureImpl.tryComplete(FutureImpl.java:211)
	at io.vertx.core.impl.future.PromiseImpl.tryComplete(PromiseImpl.java:23)
	at io.vertx.core.impl.future.PromiseImpl.onSuccess(PromiseImpl.java:49)
	at io.vertx.core.impl.future.PromiseImpl.handle(PromiseImpl.java:41)
	at io.vertx.core.impl.future.PromiseImpl.handle(PromiseImpl.java:23)
	at io.vertx.sqlclient.impl.command.CommandResponse.fire(CommandResponse.java:46)
	at io.vertx.sqlclient.impl.SocketConnectionBase.handleMessage(SocketConnectionBase.java:325)
	at io.vertx.pgclient.impl.PgSocketConnection.handleMessage(PgSocketConnection.java:118)
	at io.vertx.sqlclient.impl.SocketConnectionBase.lambda$init$0(SocketConnectionBase.java:138)
	at io.vertx.core.impl.EventLoopContext.emit(EventLoopContext.java:55)
	at io.vertx.core.impl.ContextBase.emit(ContextBase.java:297)
	at io.vertx.core.net.impl.NetSocketImpl.handleMessage(NetSocketImpl.java:378)
	at io.vertx.core.net.impl.ConnectionBase.read(ConnectionBase.java:159)
	at io.vertx.core.net.impl.VertxHandler.channelRead(VertxHandler.java:153)
	at io.netty.channel.AbstractChannelHandlerContext.invokeChannelRead(AbstractChannelHandlerContext.java:442)
	at io.netty.channel.AbstractChannelHandlerContext.invokeChannelRead(AbstractChannelHandlerContext.java:420)
	at io.netty.channel.AbstractChannelHandlerContext.fireChannelRead(AbstractChannelHandlerContext.java:412)
	at io.netty.channel.CombinedChannelDuplexHandler$DelegatingChannelHandlerContext.fireChannelRead(CombinedChannelDuplexHandler.java:436)
	at io.vertx.pgclient.impl.codec.PgEncoder.lambda$write$0(PgEncoder.java:100)
	at io.vertx.pgclient.impl.codec.PgCommandCodec.handleReadyForQuery(PgCommandCodec.java:139)
	at io.vertx.pgclient.impl.codec.PgDecoder.decodeReadyForQuery(PgDecoder.java:237)
	at io.vertx.pgclient.impl.codec.PgDecoder.channelRead(PgDecoder.java:96)
	at io.netty.channel.CombinedChannelDuplexHandler.channelRead(CombinedChannelDuplexHandler.java:251)
	at io.netty.channel.AbstractChannelHandlerContext.invokeChannelRead(AbstractChannelHandlerContext.java:442)
	at io.netty.channel.AbstractChannelHandlerContext.invokeChannelRead(AbstractChannelHandlerContext.java:420)
	at io.netty.channel.AbstractChannelHandlerContext.fireChannelRead(AbstractChannelHandlerContext.java:412)
	at io.netty.channel.DefaultChannelPipeline$HeadContext.channelRead(DefaultChannelPipeline.java:1410)
	at io.netty.channel.AbstractChannelHandlerContext.invokeChannelRead(AbstractChannelHandlerContext.java:440)
	at io.netty.channel.AbstractChannelHandlerContext.invokeChannelRead(AbstractChannelHandlerContext.java:420)
	at io.netty.channel.DefaultChannelPipeline.fireChannelRead(DefaultChannelPipeline.java:919)
	at io.netty.channel.nio.AbstractNioByteChannel$NioByteUnsafe.read(AbstractNioByteChannel.java:166)
	at io.netty.channel.nio.NioEventLoop.processSelectedKey(NioEventLoop.java:788)
	at io.netty.channel.nio.NioEventLoop.processSelectedKeysOptimized(NioEventLoop.java:724)
	at io.netty.channel.nio.NioEventLoop.processSelectedKeys(NioEventLoop.java:650)
	at io.netty.channel.nio.NioEventLoop.run(NioEventLoop.java:562)
	at io.netty.util.concurrent.SingleThreadEventExecutor$4.run(SingleThreadEventExecutor.java:997)
	at io.netty.util.internal.ThreadExecutorMap$2.run(ThreadExecutorMap.java:74)
	at io.netty.util.concurrent.FastThreadLocalRunnable.run(FastThreadLocalRunnable.java:30)
	at java.base/java.lang.Thread.run(Thread.java:1583)
