[main] 2023-11-20T15:05:20.951-08:00 WARNING [io.netty.resolver.dns.DnsServerAddresses]  Default DNS servers: [/8.8.8.8:53, /8.8.4.4:53] (Google Public DNS as a fallback)
[vertx-blocked-thread-checker] 2023-11-20T15:05:26.048-08:00 WARNING [io.vertx.core.impl.BlockedThreadChecker]  Thread Thread[vert.x-eventloop-thread-0,5,main] has been blocked for 3907 ms, time limit is 2000
[vertx-blocked-thread-checker] 2023-11-20T15:05:38.189-08:00 WARNING [io.vertx.core.impl.BlockedThreadChecker]  Thread Thread[vert.x-eventloop-thread-0,5,main] has been blocked for 10023 ms, time limit is 2000
io.vertx.core.VertxException: Thread blocked
	at app//io.swagger.parser.Swagger20Parser.convertToSwagger(Swagger20Parser.java:118)
	at app//io.swagger.parser.Swagger20Parser.parse(Swagger20Parser.java:152)
	at app//io.swagger.parser.SwaggerParser.parse(SwaggerParser.java:119)
	at app//io.swagger.parser.SwaggerParser.parse(SwaggerParser.java:113)
	at app//org.openapitools.server.api.MainApiVerticle.lambda$start$1(MainApiVerticle.java:47)
	at app//org.openapitools.server.api.MainApiVerticle$$Lambda$104/0x000000f801117930.handle(Unknown Source)
	at app//io.vertx.core.impl.FutureImpl.checkCallHandler(FutureImpl.java:188)
	at app//io.vertx.core.impl.FutureImpl.setHandler(FutureImpl.java:100)
	at app//io.vertx.core.impl.ContextImpl.lambda$null$0(ContextImpl.java:287)
	at app//io.vertx.core.impl.ContextImpl$$Lambda$107/0x000000f80112cfa0.handle(Unknown Source)
	at app//io.vertx.core.impl.ContextImpl.lambda$wrapTask$2(ContextImpl.java:337)
	at app//io.vertx.core.impl.ContextImpl$$Lambda$63/0x000000f80108c428.run(Unknown Source)
	at app//io.netty.util.concurrent.AbstractEventExecutor.safeExecute$$$capture(AbstractEventExecutor.java:163)
	at app//io.netty.util.concurrent.AbstractEventExecutor.safeExecute(AbstractEventExecutor.java)
	at app//io.netty.util.concurrent.SingleThreadEventExecutor.runAllTasks(SingleThreadEventExecutor.java:403)
	at app//io.netty.channel.nio.NioEventLoop.run(NioEventLoop.java:445)
	at app//io.netty.util.concurrent.SingleThreadEventExecutor$5.run(SingleThreadEventExecutor.java:858)
	at java.base@17.0.8/java.lang.Thread.run(Thread.java:833)
[vertx-blocked-thread-checker] 2023-11-20T15:05:38.211-08:00 WARNING [io.vertx.core.impl.BlockedThreadChecker]  Thread Thread[vert.x-eventloop-thread-0,5,main] has been blocked for 16070 ms, time limit is 2000
io.vertx.core.VertxException: Thread blocked
	at java.base@17.0.8/java.lang.StringCoding.hasNegatives(StringCoding.java:39)
	at java.base@17.0.8/java.lang.String.<init>(String.java:528)
	at java.base@17.0.8/java.io.ByteArrayOutputStream.toString(ByteArrayOutputStream.java:272)
	at java.base@17.0.8/java.util.jar.Attributes.read(Attributes.java:400)
	at java.base@17.0.8/java.util.jar.Manifest.read(Manifest.java:290)
	at java.base@17.0.8/java.util.jar.Manifest.<init>(Manifest.java:100)
	at java.base@17.0.8/java.util.jar.Manifest.<init>(Manifest.java:87)
	at java.base@17.0.8/java.util.jar.JarFile.getManifestFromReference(JarFile.java:432)
	at java.base@17.0.8/java.util.jar.JarFile.getManifest(JarFile.java:406)
	at java.base@17.0.8/jdk.internal.loader.URLClassPath$JarLoader$2.getManifest(URLClassPath.java:884)
	at java.base@17.0.8/jdk.internal.loader.BuiltinClassLoader.defineClass(BuiltinClassLoader.java:848)
	at java.base@17.0.8/jdk.internal.loader.BuiltinClassLoader.findClassOnClassPathOrNull(BuiltinClassLoader.java:760)
	at java.base@17.0.8/jdk.internal.loader.BuiltinClassLoader.loadClassOrNull(BuiltinClassLoader.java:681)
	at java.base@17.0.8/jdk.internal.loader.BuiltinClassLoader.loadClass(BuiltinClassLoader.java:639)
	at java.base@17.0.8/jdk.internal.loader.ClassLoaders$AppClassLoader.loadClass(ClassLoaders.java:188)
	at java.base@17.0.8/java.lang.ClassLoader.loadClass(ClassLoader.java:520)
	at app//io.swagger.parser.Swagger20Parser.convertToSwagger(Swagger20Parser.java:118)
	at app//io.swagger.parser.Swagger20Parser.parse(Swagger20Parser.java:152)
	at app//io.swagger.parser.SwaggerParser.parse(SwaggerParser.java:119)
	at app//io.swagger.parser.SwaggerParser.parse(SwaggerParser.java:113)
	at app//org.openapitools.server.api.MainApiVerticle.lambda$start$1(MainApiVerticle.java:47)
	at app//org.openapitools.server.api.MainApiVerticle$$Lambda$104/0x000000f801117930.handle(Unknown Source)
	at app//io.vertx.core.impl.FutureImpl.checkCallHandler(FutureImpl.java:188)
	at app//io.vertx.core.impl.FutureImpl.setHandler(FutureImpl.java:100)
	at app//io.vertx.core.impl.ContextImpl.lambda$null$0(ContextImpl.java:287)
	at app//io.vertx.core.impl.ContextImpl$$Lambda$107/0x000000f80112cfa0.handle(Unknown Source)
	at app//io.vertx.core.impl.ContextImpl.lambda$wrapTask$2(ContextImpl.java:337)
	at app//io.vertx.core.impl.ContextImpl$$Lambda$63/0x000000f80108c428.run(Unknown Source)
	at app//io.netty.util.concurrent.AbstractEventExecutor.safeExecute$$$capture(AbstractEventExecutor.java:163)
	at app//io.netty.util.concurrent.AbstractEventExecutor.safeExecute(AbstractEventExecutor.java)
	at app//io.netty.util.concurrent.SingleThreadEventExecutor.runAllTasks(SingleThreadEventExecutor.java:403)
	at app//io.netty.channel.nio.NioEventLoop.run(NioEventLoop.java:445)
	at app//io.netty.util.concurrent.SingleThreadEventExecutor$5.run(SingleThreadEventExecutor.java:858)
	at java.base@17.0.8/java.lang.Thread.run(Thread.java:833)
[vertx-blocked-thread-checker] 2023-11-20T15:05:40.688-08:00 WARNING [io.vertx.core.impl.BlockedThreadChecker]  Thread Thread[vert.x-eventloop-thread-0,5,main] has been blocked for 18546 ms, time limit is 2000
io.vertx.core.VertxException: Thread blocked
	at app//io.swagger.parser.Swagger20Parser.convertToSwagger(Swagger20Parser.java:119)
	at app//io.swagger.parser.Swagger20Parser.parse(Swagger20Parser.java:152)
	at app//io.swagger.parser.SwaggerParser.parse(SwaggerParser.java:119)
	at app//io.swagger.parser.SwaggerParser.parse(SwaggerParser.java:113)
	at app//org.openapitools.server.api.MainApiVerticle.lambda$start$1(MainApiVerticle.java:47)
	at app//org.openapitools.server.api.MainApiVerticle$$Lambda$104/0x000000f801117930.handle(Unknown Source)
	at app//io.vertx.core.impl.FutureImpl.checkCallHandler(FutureImpl.java:188)
	at app//io.vertx.core.impl.FutureImpl.setHandler(FutureImpl.java:100)
	at app//io.vertx.core.impl.ContextImpl.lambda$null$0(ContextImpl.java:287)
	at app//io.vertx.core.impl.ContextImpl$$Lambda$107/0x000000f80112cfa0.handle(Unknown Source)
	at app//io.vertx.core.impl.ContextImpl.lambda$wrapTask$2(ContextImpl.java:337)
	at app//io.vertx.core.impl.ContextImpl$$Lambda$63/0x000000f80108c428.run(Unknown Source)
	at app//io.netty.util.concurrent.AbstractEventExecutor.safeExecute$$$capture(AbstractEventExecutor.java:163)
	at app//io.netty.util.concurrent.AbstractEventExecutor.safeExecute(AbstractEventExecutor.java)
	at app//io.netty.util.concurrent.SingleThreadEventExecutor.runAllTasks(SingleThreadEventExecutor.java:403)
	at app//io.netty.channel.nio.NioEventLoop.run(NioEventLoop.java:445)
	at app//io.netty.util.concurrent.SingleThreadEventExecutor$5.run(SingleThreadEventExecutor.java:858)
	at java.base@17.0.8/java.lang.Thread.run(Thread.java:833)
[vertx-blocked-thread-checker] 2023-11-20T15:09:59.92-08:00 WARNING [io.vertx.core.impl.BlockedThreadChecker]  Thread Thread[vert.x-eventloop-thread-0,5,main] has been blocked for 277771 ms, time limit is 2000
io.vertx.core.VertxException: Thread blocked
	at app//io.swagger.parser.Swagger20Parser.convertToSwagger(Swagger20Parser.java:120)
	at app//io.swagger.parser.Swagger20Parser.parse(Swagger20Parser.java:152)
	at app//io.swagger.parser.SwaggerParser.parse(SwaggerParser.java:119)
	at app//io.swagger.parser.SwaggerParser.parse(SwaggerParser.java:113)
	at app//org.openapitools.server.api.MainApiVerticle.lambda$start$1(MainApiVerticle.java:47)
	at app//org.openapitools.server.api.MainApiVerticle$$Lambda$104/0x000000f801117930.handle(Unknown Source)
	at app//io.vertx.core.impl.FutureImpl.checkCallHandler(FutureImpl.java:188)
	at app//io.vertx.core.impl.FutureImpl.setHandler(FutureImpl.java:100)
	at app//io.vertx.core.impl.ContextImpl.lambda$null$0(ContextImpl.java:287)
	at app//io.vertx.core.impl.ContextImpl$$Lambda$107/0x000000f80112cfa0.handle(Unknown Source)
	at app//io.vertx.core.impl.ContextImpl.lambda$wrapTask$2(ContextImpl.java:337)
	at app//io.vertx.core.impl.ContextImpl$$Lambda$63/0x000000f80108c428.run(Unknown Source)
	at app//io.netty.util.concurrent.AbstractEventExecutor.safeExecute$$$capture(AbstractEventExecutor.java:163)
	at app//io.netty.util.concurrent.AbstractEventExecutor.safeExecute(AbstractEventExecutor.java)
	at app//io.netty.util.concurrent.SingleThreadEventExecutor.runAllTasks(SingleThreadEventExecutor.java:403)
	at app//io.netty.channel.nio.NioEventLoop.run(NioEventLoop.java:445)
	at app//io.netty.util.concurrent.SingleThreadEventExecutor$5.run(SingleThreadEventExecutor.java:858)
	at java.base@17.0.8/java.lang.Thread.run(Thread.java:833)
[vert.x-eventloop-thread-0] 2023-11-20T15:09:59.934-08:00 SEVERE [io.vertx.core.impl.ContextImpl]  Unhandled exception
java.lang.NullPointerException: Cannot invoke "io.swagger.models.Swagger.getBasePath()" because "swagger" is null
	at com.github.phiz71.vertx.swagger.router.SwaggerRouter.getBasePath(SwaggerRouter.java:129)
	at com.github.phiz71.vertx.swagger.router.SwaggerRouter.swaggerRouter(SwaggerRouter.java:75)
	at com.github.phiz71.vertx.swagger.router.SwaggerRouter.swaggerRouter(SwaggerRouter.java:70)
	at org.openapitools.server.api.MainApiVerticle.lambda$start$1(MainApiVerticle.java:48)
	at io.vertx.core.impl.FutureImpl.checkCallHandler(FutureImpl.java:188)
	at io.vertx.core.impl.FutureImpl.setHandler(FutureImpl.java:100)
	at io.vertx.core.impl.ContextImpl.lambda$null$0(ContextImpl.java:287)
	at io.vertx.core.impl.ContextImpl.lambda$wrapTask$2(ContextImpl.java:337)
	at io.netty.util.concurrent.AbstractEventExecutor.safeExecute$$$capture(AbstractEventExecutor.java:163)
	at io.netty.util.concurrent.AbstractEventExecutor.safeExecute(AbstractEventExecutor.java)
	at io.netty.util.concurrent.SingleThreadEventExecutor.runAllTasks(SingleThreadEventExecutor.java:403)
	at io.netty.channel.nio.NioEventLoop.run(NioEventLoop.java:445)
	at io.netty.util.concurrent.SingleThreadEventExecutor$5.run(SingleThreadEventExecutor.java:858)
	at java.base/java.lang.Thread.run(Thread.java:833)
